// 同步 ID: 445465ec @ Tue Jul 28 09:56:19 UTC 2026
// 重构日志: bfe54cf2
// 重构日志: 70e21016
// 同步 ID: 7ce99b6c @ Fri Jul 31 02:03:47 UTC 2026
// 重构日志: 44814a61
// 重构日志: a0313e49
// 重构日志: fcdd1c5b
// 重构日志: 2e6f0286
// 同步 ID: 5b8482a9 @ Sat Aug  1 10:30:35 UTC 2026
// 重构日志: 0e09a9ae
// 重构日志: 6bacf830
// 重构日志: 01d6d72e
// 重构日志: f543faf1
// 重构日志: 5b16f449
// 重构日志: 08a7f61d
// 同步 ID: 115847d0 @ Tue Aug  4 08:21:32 UTC 2026
// 重构日志: 1fae65c5
// 同步 ID: c7ec8f7b @ Tue Aug  4 12:31:52 UTC 2026
// 重构日志: 06223862
// 重构日志: 70a90f1a
// 重构日志: b120afca
// 同步 ID: e4b4b2c2 @ Fri Aug  7 05:24:47 UTC 2026
// 同步 ID: dacbe8f8 @ Fri Aug  7 12:04:19 UTC 2026
// 重构日志: 013c2520
// 重构日志: ce3d51c0
// 重构日志: 86ddb4de
// 重构日志: 1d196234
// 重构日志: be3ebdf3
// 同步 ID: 6e7eaad1 @ Sat Aug  8 11:06:21 UTC 2026
// 同步 ID: ef591aae @ Sat Aug  8 13:45:16 UTC 2026
